Copyright 1986-2022 Xilinx, Inc. All Rights Reserved. Copyright 2022-2025 Advanced Micro Devices, Inc. All Rights Reserved.
---------------------------------------------------------------------------------------------------------------------------------------------
| Tool Version : Vivado v.2025.2 (win64) Build 6299465 Fri Nov 14 19:35:11 GMT 2025
| Date         : Thu May  7 17:08:18 2026
| Host         : MTar-L16-W1 running 64-bit major release  (build 9200)
| Command      : report_control_sets -verbose -file RP_TOP_control_sets_placed.rpt
| Design       : RP_TOP
| Device       : xc7a35t
---------------------------------------------------------------------------------------------------------------------------------------------

Control Set Information

Table of Contents
-----------------
1. Summary
2. Histogram
3. Flip-Flop Distribution
4. Detailed Control Set Information

1. Summary
----------

+----------------------------------------------------------+-------+
|                          Status                          | Count |
+----------------------------------------------------------+-------+
| Total control sets                                       |    46 |
|    Minimum number of control sets                        |    46 |
|    Addition due to synthesis replication                 |     0 |
|    Addition due to physical synthesis replication        |     0 |
| Unused register locations in slices containing registers |    23 |
+----------------------------------------------------------+-------+
* Control sets can be merged at opt_design using control_set_merge or merge_equivalent_drivers
** Run report_qor_suggestions for automated merging and remapping suggestions


2. Histogram
------------

+--------------------+-------+
|       Fanout       | Count |
+--------------------+-------+
| Total control sets |    46 |
| >= 0 to < 4        |     1 |
| >= 4 to < 6        |     0 |
| >= 6 to < 8        |     0 |
| >= 8 to < 10       |     0 |
| >= 10 to < 12      |     0 |
| >= 12 to < 14      |     0 |
| >= 14 to < 16      |     0 |
| >= 16              |    45 |
+--------------------+-------+
* Control sets can be remapped at either synth_design or opt_design


3. Flip-Flop Distribution
-------------------------

+--------------+-----------------------+------------------------+-----------------+--------------+
| Clock Enable | Synchronous Set/Reset | Asynchronous Set/Reset | Total Registers | Total Slices |
+--------------+-----------------------+------------------------+-----------------+--------------+
| No           | No                    | No                     |             276 |          122 |
| No           | No                    | Yes                    |               0 |            0 |
| No           | Yes                   | No                     |              79 |           25 |
| Yes          | No                    | No                     |              30 |           10 |
| Yes          | No                    | Yes                    |               0 |            0 |
| Yes          | Yes                   | No                     |            1024 |          528 |
+--------------+-----------------------+------------------------+-----------------+--------------+


4. Detailed Control Set Information
-----------------------------------

+---------------------------------------------+---------------------------------------------+-------------------------------------------+------------------+----------------+--------------+
|                 Clock Signal                |                Enable Signal                |              Set/Reset Signal             | Slice Load Count | Bel Load Count | Bels / Slice |
+---------------------------------------------+---------------------------------------------+-------------------------------------------+------------------+----------------+--------------+
| ~CLK_IBUF_BUFG                              |                                             |                                           |                1 |              1 |         1.00 |
|  Reg_file_inst/out_regs_reg[4][31]_i_5_0[0] |                                             |                                           |                7 |             16 |         2.29 |
|  cnt[0]                                     |                                             | seg_disp_driver_inst/r_an_cnt[0]_i_1_n_1  |                5 |             17 |         3.40 |
|  cnt[0]                                     | RST_IBUF                                    |                                           |               10 |             30 |         3.00 |
|  n_0_2808_BUFG                              |                                             |                                           |               16 |             32 |         2.00 |
| ~mem_write_f_BUFG                           |                                             |                                           |               18 |             32 |         1.78 |
|  out_regs[7]_4[0]                           |                                             |                                           |               13 |             32 |         2.46 |
|  cnt[0]                                     | Instruction_Cache_inst/r_data_reg[10]_3[0]  | Reg_file_inst/SR[0]                       |               15 |             32 |         2.13 |
|  cnt[0]                                     | Instruction_Cache_inst/E[0]                 | Reg_file_inst/SR[0]                       |               10 |             32 |         3.20 |
|  cnt[0]                                     | Instruction_Cache_inst/r_data_reg[10]_0[0]  | Reg_file_inst/SR[0]                       |               10 |             32 |         3.20 |
|  cnt[0]                                     | Instruction_Cache_inst/r_data_reg[10]_2[0]  | Reg_file_inst/SR[0]                       |               18 |             32 |         1.78 |
|  cnt[0]                                     | Instruction_Cache_inst/r_data_reg[10]_1[0]  | Reg_file_inst/SR[0]                       |               18 |             32 |         1.78 |
|  cnt[0]                                     | Instruction_Cache_inst/r_data_reg[10]_4[0]  | Reg_file_inst/SR[0]                       |               14 |             32 |         2.29 |
|  cnt[0]                                     | Instruction_Cache_inst/r_data_reg[10]_5[0]  | Reg_file_inst/SR[0]                       |               17 |             32 |         1.88 |
|  cnt[0]                                     | Instruction_Cache_inst/r_data_reg[11]_9[0]  | Reg_file_inst/SR[0]                       |               18 |             32 |         1.78 |
|  cnt[0]                                     | Instruction_Cache_inst/r_data_reg[11]_2[0]  | Reg_file_inst/SR[0]                       |               13 |             32 |         2.46 |
|  cnt[0]                                     | Instruction_Cache_inst/r_data_reg[11]_7[0]  | Reg_file_inst/SR[0]                       |               23 |             32 |         1.39 |
|  cnt[0]                                     | Instruction_Cache_inst/r_data_reg[11]_3[0]  | Reg_file_inst/SR[0]                       |               10 |             32 |         3.20 |
|  cnt[0]                                     | Instruction_Cache_inst/r_data_reg[11]_1[0]  | Reg_file_inst/SR[0]                       |               13 |             32 |         2.46 |
|  cnt[0]                                     | Instruction_Cache_inst/r_data_reg[11]_13[0] | Reg_file_inst/SR[0]                       |               16 |             32 |         2.00 |
|  cnt[0]                                     | Instruction_Cache_inst/r_data_reg[11]_11[0] | Reg_file_inst/SR[0]                       |               12 |             32 |         2.67 |
|  cnt[0]                                     | Instruction_Cache_inst/r_data_reg[11]_4[0]  | Reg_file_inst/SR[0]                       |               12 |             32 |         2.67 |
|  cnt[0]                                     | Instruction_Cache_inst/r_data_reg[11]_10[0] | Reg_file_inst/SR[0]                       |               18 |             32 |         1.78 |
|  cnt[0]                                     | Instruction_Cache_inst/r_data_reg[11]_5[0]  | Reg_file_inst/SR[0]                       |               18 |             32 |         1.78 |
|  cnt[0]                                     | Instruction_Cache_inst/r_data_reg[11]_8[0]  | Reg_file_inst/SR[0]                       |               17 |             32 |         1.88 |
|  cnt[0]                                     | Instruction_Cache_inst/r_data_reg[11]_12[0] | Reg_file_inst/SR[0]                       |               16 |             32 |         2.00 |
|  cnt[0]                                     | Instruction_Cache_inst/r_data_reg[11]_6[0]  | Reg_file_inst/SR[0]                       |               20 |             32 |         1.60 |
|  cnt[0]                                     | Instruction_Cache_inst/r_data_reg[7]_1[0]   | Reg_file_inst/SR[0]                       |               15 |             32 |         2.13 |
|  cnt[0]                                     | Instruction_Cache_inst/r_data_reg[7]_2[0]   | Reg_file_inst/SR[0]                       |               21 |             32 |         1.52 |
|  cnt[0]                                     | Instruction_Cache_inst/r_data_reg[8]_0[0]   | Reg_file_inst/SR[0]                       |               11 |             32 |         2.91 |
|  cnt[0]                                     | Instruction_Cache_inst/r_data_reg[8]_1[0]   | Reg_file_inst/SR[0]                       |               13 |             32 |         2.46 |
|  cnt[0]                                     | Instruction_Cache_inst/r_data_reg[9]_1[0]   | Reg_file_inst/SR[0]                       |               19 |             32 |         1.68 |
|  cnt[0]                                     | Instruction_Cache_inst/r_data_reg[9]_2[0]   | Reg_file_inst/SR[0]                       |               15 |             32 |         2.13 |
|  cnt[0]                                     | Instruction_Cache_inst/r_data_reg[9]_4[0]   | Reg_file_inst/SR[0]                       |               17 |             32 |         1.88 |
|  cnt[0]                                     | Instruction_Cache_inst/r_data_reg[9]_5[0]   | Reg_file_inst/SR[0]                       |               18 |             32 |         1.78 |
|  cnt[0]                                     | Instruction_Cache_inst/r_data_reg[9]_6[0]   | Reg_file_inst/SR[0]                       |               22 |             32 |         1.45 |
|  cnt[0]                                     | Instruction_Cache_inst/r_data_reg[7]_0[0]   | Reg_file_inst/SR[0]                       |               15 |             32 |         2.13 |
|  cnt[0]                                     | Instruction_Cache_inst/r_data_reg[9]_3[0]   | Reg_file_inst/SR[0]                       |               22 |             32 |         1.45 |
|  cnt[0]                                     | RST_IBUF                                    | Instruction_Cache_inst/r_data[31]_i_1_n_1 |               32 |             32 |         1.00 |
|  out_regs[1]_2[0]                           |                                             |                                           |               13 |             32 |         2.46 |
|  out_regs[2]_0[0]                           |                                             |                                           |               16 |             32 |         2.00 |
|  out_regs[3]_1[0]                           |                                             |                                           |               11 |             32 |         2.91 |
|  out_regs[5]_5[0]                           |                                             |                                           |               13 |             32 |         2.46 |
|  out_regs[6]_3[0]                           |                                             |                                           |               13 |             32 |         2.46 |
|  cnt[0]                                     |                                             | Reg_file_inst/SR[0]                       |               20 |             62 |         3.10 |
|  cnt[0]                                     |                                             |                                           |               33 |            131 |         3.97 |
+---------------------------------------------+---------------------------------------------+-------------------------------------------+------------------+----------------+--------------+


